// Jest Snapshot v1, https://goo.gl/fbAQLP

exports[`TopBar component renders to the DOM 1`] = `"<div data-testid=\\"topbar\\"><nav class=\\"navbar navbar-expand-lg navbar-dark bg-dark p-0\\"><h3 class=\\"text-white ml-5 mb-0\\">Project Manager</h3><div class=\\"collapse navbar-collapse\\" id=\\"navbarSupportedContent\\"><ul class=\\"navbar-nav ml-auto\\"><li class=\\"nav-item nav-link active\\"><h3>Welcome, Test User</h3></li></ul></div></nav></div>"`;
